Can't take sqrt of -8.74981e-06 at ./hessian.pl line 263.
BEFORE INVERTING

-147765.668244878	4022043.90314039	75591.4834970482	31952.7343405575	
4022043.90314039	-4917447.13258429	241548.108808415	-278292.715431647	
75591.4834970482	241548.108808415	-260104.043361687	-134790.49146396	
31952.7343405575	-278292.715431647	-134790.49146396	-401595.614192045	
AFTER INVERTING

2.57970037594199e-07	2.51744797115351e-07	4.70329425577339e-07	-3.11785849009804e-07	
2.51744797115351e-07	7.7125245916559e-09	8.80245880633073e-08	-1.48589328734879e-08	
4.70329425577339e-07	8.80245880633072e-08	-4.37490690221894e-06	1.44480552203646e-06	
-3.11785849009804e-07	-1.48589328734878e-08	1.44480552203646e-06	-2.98950805632502e-06	

ERRORS

Parameter 0: 0.000718289687513609
Parameter 1: 0.000124197621488142
