Starting fresh nbody run
Starting nbody system
Simulation complete
Shifting plummer sphere to r = (-12.1802027750, 36.4850067907, 28.2300509890) v = (106.2849619466, -45.3921952610, -112.0201300095)
