14:58:48: Starting fresh nbody run
14:58:48: Starting nbody system
19:45:49: Simulation complete
